[  5%] Built target juce_vst3_helper
[ 67%] Built target EMBER
[100%] Built target EMBER_VST3
[ 65%] Built target EMBER
[100%] Built target EMBER_AU
[  5%] Built target juce_vst3_helper
[ 66%] Built target CLARITY
[100%] Built target CLARITY_VST3
[ 64%] Built target CLARITY
[100%] Built target CLARITY_AU
[  5%] Built target juce_vst3_helper
[ 66%] Built target GRIP
[100%] Built target GRIP_VST3
[ 64%] Built target GRIP
[100%] Built target GRIP_AU
[  5%] Built target juce_vst3_helper
[ 66%] Built target CEIL
[100%] Built target CEIL_VST3
[ 64%] Built target CEIL
[100%] Built target CEIL_AU
[  5%] Built target juce_vst3_helper
[ 67%] Built target PRISM
[100%] Built target PRISM_VST3
[ 65%] Built target PRISM
[100%] Built target PRISM_AU
[  5%] Built target juce_vst3_helper
[ 66%] Built target HAZE
[100%] Built target HAZE_VST3
[ 64%] Built target HAZE
[100%] Built target HAZE_AU
[  5%] Built target juce_vst3_helper
[ 66%] Built target SCOPE
[100%] Built target SCOPE_VST3
[ 64%] Built target SCOPE
[100%] Built target SCOPE_AU
[  5%] Built target juce_vst3_helper
[ 66%] Built target IMAGER
[100%] Built target IMAGER_VST3
[ 64%] Built target IMAGER
[100%] Built target IMAGER_AU
[  5%] Built target juce_vst3_helper
[ 66%] Built target DELAY
[100%] Built target DELAY_VST3
[ 64%] Built target DELAY
[100%] Built target DELAY_AU
[  5%] Built target juce_vst3_helper
[ 67%] Built target MOTION
[100%] Built target MOTION_VST3
[ 65%] Built target MOTION
[100%] Built target MOTION_AU
[  5%] Built target juce_vst3_helper
[  7%] Building CXX object CMakeFiles/ASSIST.dir/Source/PluginProcessor.cpp.o
